    Finished release [optimized] target(s) in 0.07s
     Running tests/parallelism_metrics.rs (runtime/target/release/deps/parallelism_metrics-0b85c906b1a605ea)

running 1 test
test miniwarehouse_prints_expected_vs_realized_parallelism ... 
============================================================
 MiniWarehouse Brick-5C.5 split-phase measurement
============================================================
runtime model:                 real MiniWarehouse CosmWasm Wasm
Wasm artifact:                 /home/adminlinux/projects/symbgraphpool/benchmarks/target/wasm32-unknown-unknown/release/acg_benchmark_miniwarehouse.wasm
Wasm bytes:                    2049510
total transactions:            1000
blocks:                        40
max tx / block:                25
block interval:                700.000 ms
consensus window:              700.000 ms
arrival rate:                  35.71 tx/s
initial mempool backlog:       75 tx
total worker budget:           8
post-consensus validation:     1 worker (serial)
post-commit preexec workers:   8
warehouses:                    16
districts / warehouse:         10
customers / district:          3000
items / warehouse:             100000
N+1 graph planning overlaps N validate: YES
N+1 preexecution overlaps N validate: NO
preexecution snapshots committed N state: YES
require preexec within consensus: YES
overlapped planning transitions:  39

Sparse Wasm bootstrap (not included in measured block timings)
  seed transactions / engine:       3193
  touched warehouses:                  16
  touched districts:                  158
  touched customers:                  878
  touched stock keys:                2141
  both engines bootstrap wall:    484.079 ms

Workload
  delivery                 40
  new_order               457
  payment                 426
  restock                  77

Mempool / inclusion latency (virtual time)
  p50 admission -> proposal:     2408.000 ms
  p95 admission -> proposal:     2744.000 ms
  p50 admission -> decision:     3108.000 ms
  p95 admission -> decision:     3444.000 ms

Prediction / planning / post-commit preexecution (all blocks)
  adapter/binding:                  3.775 ms
  candidate graph:                 48.305 ms
  scheduler:                        0.181 ms
  schedule validation:              0.105 ms
  plan conversion:                  0.050 ms
  planning hidden by prev N:       36.766 ms
  planning overhang after N:       15.650 ms
  post-commit pre-execution:      339.316 ms
  avg consensus-critical prep:      8.874 ms
  average consensus budget:          1.3%
  p50 critical prep / block:        6.903 ms
  p95 critical prep / block:       18.471 ms
  deadline hit rate:               100.0%
  deadline misses:                      0

Candidate graph across real block boundaries
  possible within-block pairs:      12000
  materialized edges:                1680
  edge density:                    14.00%
  predicate True:                     789 ( 47.0%)
  predicate Unknown:                  891 ( 53.0%)
  historical False override:            0
  Low / Soft / Hard:           0 / 1680 / 0
  concrete profile-pair predicate diagnostics:
    profile pair                                 total    True Unknown   False     Low    Soft    Hard     Unk%
    execute::NewOrder <-> execute::Payment         557     557       0       0       0     557       0     0.0%
    execute::Delivery <-> execute::NewOrder        433       0     433       0       0     433       0   100.0%
    execute::Delivery <-> execute::Payment         408       0     408       0       0     408       0   100.0%
    execute::Payment <-> execute::Payment          232     232       0       0       0     232       0     0.0%
    execute::NewOrder <-> execute::NewOrder         28       0      28       0       0      28       0   100.0%
    execute::Delivery <-> execute::Delivery         22       0      22       0       0      22       0   100.0%

Schedule / exposed parallelism
  waves:                              221
  average wave width:                4.52
  p50 wave width:                       2
  p95 wave width:                      17
  max wave width:                      20
  exposed N/waves:                   4.52x

Pre-consensus speculative execution acceleration
  serial-equivalent work:         216.022 ms
  actual parallel preexecute:     339.316 ms
  cost-aware ideal time:          134.301 ms
  theoretical speedup:               1.61x
  REALIZED preexec speedup:          0.64x
  preexec/theoretical:              39.6%
  consensus-critical prep:        354.966 ms

Prediction quality
  predicted receipts:                1000
  matched decided txs:               1000
  discarded predictions:                0
  missing predictions:                  0
  precision:                       100.0%
  coverage:                        100.0%

Post-consensus critical-path acceleration
  SERIAL baseline:                216.022 ms
  adaptive receipt matching:        0.261 ms
  adaptive validation:             10.581 ms
  adaptive replay/missing:         24.914 ms
  adaptive reused commit:           4.435 ms
  reconciliation bookkeeping:       0.841 ms
  executor/report wrapper:          7.069 ms
  canonical deadline fallback:      0.000 ms
  timing accounting gap:            0.000 ms
  ADAPTIVE total:                  48.101 ms
  POST-CONSENSUS SPEEDUP:            4.49x

Speculation quality
  speculative results:               1000
  reused results:                     870
  invalidated results:                130
  replayed transactions:              130
  no usable receipt:                    0
  reuse rate:                       87.0%
  invalidation rate:                13.0%
  replay rate:                      13.0%
============================================================
NOTE: all block/consensus/mempool times are virtual protocol time; only computation is measured with wall-clock Instant.
NOTE: ACG_MW_CONSENSUS_MS is an independent configurable design window for completing post-commit pre-execution; it is not constrained to the block batching interval.
NOTE: only N+1 graph/schedule planning may overlap validation of N. N+1 pre-execution starts after N commits and snapshots the actual canonical post-N state.
NOTE: the measured execution path uses the real MiniWarehouse CosmWasm Wasm artifact; sparse bootstrap only avoids initializing untouched keys in the large benchmark domain.
NOTE: pre-consensus speculative-execution speedup and post-consensus critical-path speedup are separate metrics and are not divided into one another.
NOTE: the current post-consensus validator is intentionally single-threaded. Parallel validation remains the next Brick-5 optimization, before 5D.

ok

test result: ok. 1 passed; 0 failed; 0 ignored; 0 measured; 0 filtered out; finished in 1.28s

