    Finished release [optimized] target(s) in 0.11s
     Running tests/parallelism_metrics.rs (runtime/target/release/deps/parallelism_metrics-0b85c906b1a605ea)

running 1 test
test miniwarehouse_prints_expected_vs_realized_parallelism ... 
============================================================
 MiniWarehouse Brick-5C.5 split-phase measurement
============================================================
runtime model:                 real MiniWarehouse CosmWasm Wasm
Wasm artifact:                 /home/adminlinux/projects/symbgraphpool/benchmarks/target/wasm32-unknown-unknown/release/acg_benchmark_miniwarehouse.wasm
Wasm bytes:                    2049510
total transactions:            1000
blocks:                        40
max tx / block:                25
block interval:                700.000 ms
consensus window:              700.000 ms
arrival rate:                  35.71 tx/s
initial mempool backlog:       75 tx
total worker budget:           1
post-consensus validation:     1 worker (serial)
post-commit preexec workers:   1
warehouses:                    4
districts / warehouse:         10
customers / district:          3000
items / warehouse:             100000
N+1 graph planning overlaps N validate: NO
N+1 preexecution overlaps N validate: NO
preexecution snapshots committed N state: YES
require preexec within consensus: YES
overlapped planning transitions:  0

Sparse Wasm bootstrap (not included in measured block timings)
  seed transactions / engine:       3058
  touched warehouses:                   4
  touched districts:                   40
  touched customers:                  876
  touched stock keys:                2138
  both engines bootstrap wall:    481.196 ms

Workload
  delivery                 40
  new_order               457
  payment                 426
  restock                  77

Mempool / inclusion latency (virtual time)
  p50 admission -> proposal:     2408.000 ms
  p95 admission -> proposal:     2744.000 ms
  p50 admission -> decision:     3108.000 ms
  p95 admission -> decision:     3444.000 ms

Prediction / planning / post-commit preexecution (all blocks)
  adapter/binding:                  2.979 ms
  candidate graph:                 48.063 ms
  scheduler:                        0.253 ms
  schedule validation:              0.140 ms
  plan conversion:                  0.073 ms
  planning hidden by prev N:        0.000 ms
  planning overhang after N:       51.508 ms
  post-commit pre-execution:      364.320 ms
  avg consensus-critical prep:     10.396 ms
  average consensus budget:          1.5%
  p50 critical prep / block:        8.470 ms
  p95 critical prep / block:       19.320 ms
  deadline hit rate:               100.0%
  deadline misses:                      0

Candidate graph across real block boundaries
  possible within-block pairs:      12000
  materialized edges:                2924
  edge density:                    24.37%
  predicate True:                    1989 ( 68.0%)
  predicate Unknown:                  935 ( 32.0%)
  historical False override:            0
  Low / Soft / Hard:           0 / 2924 / 0
  concrete profile-pair predicate diagnostics:
    profile pair                                 total    True Unknown   False     Low    Soft    Hard     Unk%
    execute::NewOrder <-> execute::Payment        1359    1359       0       0       0    1359       0     0.0%
    execute::Payment <-> execute::Payment          630     630       0       0       0     630       0     0.0%
    execute::Delivery <-> execute::NewOrder        433       0     433       0       0     433       0   100.0%
    execute::Delivery <-> execute::Payment         408       0     408       0       0     408       0   100.0%
    execute::NewOrder <-> execute::NewOrder         72       0      72       0       0      72       0   100.0%
    execute::Delivery <-> execute::Delivery         22       0      22       0       0      22       0   100.0%

Schedule / exposed parallelism
  waves:                              309
  average wave width:                3.24
  p50 wave width:                       2
  p95 wave width:                      10
  max wave width:                      17
  exposed N/waves:                   3.24x

Pre-consensus speculative execution acceleration
  serial-equivalent work:         219.689 ms
  actual parallel preexecute:     364.320 ms
  cost-aware ideal time:          219.506 ms
  theoretical speedup:               1.00x
  REALIZED preexec speedup:          0.60x
  preexec/theoretical:              60.3%
  consensus-critical prep:        415.829 ms

Prediction quality
  predicted receipts:                1000
  matched decided txs:               1000
  discarded predictions:                0
  missing predictions:                  0
  precision:                       100.0%
  coverage:                        100.0%

Post-consensus critical-path acceleration
  SERIAL baseline:                219.689 ms
  adaptive receipt matching:        0.290 ms
  adaptive validation:             11.759 ms
  adaptive replay/missing:         47.608 ms
  adaptive reused commit:           3.462 ms
  reconciliation bookkeeping:       1.234 ms
  executor/report wrapper:          7.310 ms
  canonical deadline fallback:      0.000 ms
  timing accounting gap:            0.000 ms
  ADAPTIVE total:                  71.664 ms
  POST-CONSENSUS SPEEDUP:            3.07x

Speculation quality
  speculative results:               1000
  reused results:                     712
  invalidated results:                288
  replayed transactions:              288
  no usable receipt:                    0
  reuse rate:                       71.2%
  invalidation rate:                28.8%
  replay rate:                      28.8%
============================================================
NOTE: all block/consensus/mempool times are virtual protocol time; only computation is measured with wall-clock Instant.
NOTE: ACG_MW_CONSENSUS_MS is an independent configurable design window for completing post-commit pre-execution; it is not constrained to the block batching interval.
NOTE: only N+1 graph/schedule planning may overlap validation of N. N+1 pre-execution starts after N commits and snapshots the actual canonical post-N state.
NOTE: the measured execution path uses the real MiniWarehouse CosmWasm Wasm artifact; sparse bootstrap only avoids initializing untouched keys in the large benchmark domain.
NOTE: pre-consensus speculative-execution speedup and post-consensus critical-path speedup are separate metrics and are not divided into one another.
NOTE: the current post-consensus validator is intentionally single-threaded. Parallel validation remains the next Brick-5 optimization, before 5D.

ok

test result: ok. 1 passed; 0 failed; 0 ignored; 0 measured; 0 filtered out; finished in 1.38s

