    Finished release [optimized] target(s) in 0.07s
     Running tests/parallelism_metrics.rs (runtime/target/release/deps/parallelism_metrics-0b85c906b1a605ea)

running 1 test
test miniwarehouse_prints_expected_vs_realized_parallelism ... 
============================================================
 MiniWarehouse Brick-5C.5 split-phase measurement
============================================================
runtime model:                 real MiniWarehouse CosmWasm Wasm
Wasm artifact:                 /home/adminlinux/projects/symbgraphpool/benchmarks/target/wasm32-unknown-unknown/release/acg_benchmark_miniwarehouse.wasm
Wasm bytes:                    2049510
total transactions:            1000
blocks:                        10
max tx / block:                100
block interval:                700.000 ms
consensus window:              700.000 ms
arrival rate:                  142.86 tx/s
initial mempool backlog:       300 tx
total worker budget:           8
post-consensus validation:     1 worker (serial)
post-commit preexec workers:   8
warehouses:                    4
districts / warehouse:         10
customers / district:          3000
items / warehouse:             100000
N+1 graph planning overlaps N validate: YES
N+1 preexecution overlaps N validate: NO
preexecution snapshots committed N state: YES
require preexec within consensus: YES
overlapped planning transitions:  9

Sparse Wasm bootstrap (not included in measured block timings)
  seed transactions / engine:       3058
  touched warehouses:                   4
  touched districts:                   40
  touched customers:                  876
  touched stock keys:                2138
  both engines bootstrap wall:    468.627 ms

Workload
  delivery                 40
  new_order               457
  payment                 426
  restock                  77

Mempool / inclusion latency (virtual time)
  p50 admission -> proposal:     2296.000 ms
  p95 admission -> proposal:     2744.000 ms
  p50 admission -> decision:     2996.000 ms
  p95 admission -> decision:     3444.000 ms

Prediction / planning / post-commit preexecution (all blocks)
  adapter/binding:                  4.985 ms
  candidate graph:                161.199 ms
  scheduler:                        0.613 ms
  schedule validation:              0.340 ms
  plan conversion:                  0.050 ms
  planning hidden by prev N:      131.044 ms
  planning overhang after N:       36.143 ms
  post-commit pre-execution:      322.816 ms
  avg consensus-critical prep:     35.896 ms
  average consensus budget:          5.1%
  p50 critical prep / block:       32.025 ms
  p95 critical prep / block:       60.081 ms
  deadline hit rate:               100.0%
  deadline misses:                      0

Candidate graph across real block boundaries
  possible within-block pairs:      49500
  materialized edges:               12124
  edge density:                    24.49%
  predicate True:                    8238 ( 67.9%)
  predicate Unknown:                 3886 ( 32.1%)
  historical False override:            0
  Low / Soft / Hard:           0 / 12124 / 0
  concrete profile-pair predicate diagnostics:
    profile pair                                 total    True Unknown   False     Low    Soft    Hard     Unk%
    execute::NewOrder <-> execute::Payment        5605    5605       0       0       0    5605       0     0.0%
    execute::Payment <-> execute::Payment         2633    2633       0       0       0    2633       0     0.0%
    execute::Delivery <-> execute::NewOrder       1763       0    1763       0       0    1763       0   100.0%
    execute::Delivery <-> execute::Payment        1733       0    1733       0       0    1733       0   100.0%
    execute::NewOrder <-> execute::NewOrder        310       0     310       0       0     310       0   100.0%
    execute::Delivery <-> execute::Delivery         80       0      80       0       0      80       0   100.0%

Schedule / exposed parallelism
  waves:                              268
  average wave width:                3.73
  p50 wave width:                       1
  p95 wave width:                      13
  max wave width:                      41
  exposed N/waves:                   3.73x

Pre-consensus speculative execution acceleration
  serial-equivalent work:         219.308 ms
  actual parallel preexecute:     322.816 ms
  cost-aware ideal time:          140.914 ms
  theoretical speedup:               1.56x
  REALIZED preexec speedup:          0.68x
  preexec/theoretical:              43.7%
  consensus-critical prep:        358.959 ms

Prediction quality
  predicted receipts:                1000
  matched decided txs:               1000
  discarded predictions:                0
  missing predictions:                  0
  precision:                       100.0%
  coverage:                        100.0%

Post-consensus critical-path acceleration
  SERIAL baseline:                219.308 ms
  adaptive receipt matching:        0.428 ms
  adaptive validation:             11.523 ms
  adaptive replay/missing:        173.615 ms
  adaptive reused commit:           1.202 ms
  reconciliation bookkeeping:       4.617 ms
  executor/report wrapper:          4.782 ms
  canonical deadline fallback:      0.000 ms
  timing accounting gap:            0.000 ms
  ADAPTIVE total:                 196.167 ms
  POST-CONSENSUS SPEEDUP:            1.12x

Speculation quality
  speculative results:               1000
  reused results:                     354
  invalidated results:                646
  replayed transactions:              646
  no usable receipt:                    0
  reuse rate:                       35.4%
  invalidation rate:                64.6%
  replay rate:                      64.6%
============================================================
NOTE: all block/consensus/mempool times are virtual protocol time; only computation is measured with wall-clock Instant.
NOTE: ACG_MW_CONSENSUS_MS is an independent configurable design window for completing post-commit pre-execution; it is not constrained to the block batching interval.
NOTE: only N+1 graph/schedule planning may overlap validation of N. N+1 pre-execution starts after N commits and snapshots the actual canonical post-N state.
NOTE: the measured execution path uses the real MiniWarehouse CosmWasm Wasm artifact; sparse bootstrap only avoids initializing untouched keys in the large benchmark domain.
NOTE: pre-consensus speculative-execution speedup and post-consensus critical-path speedup are separate metrics and are not divided into one another.
NOTE: the current post-consensus validator is intentionally single-threaded. Parallel validation remains the next Brick-5 optimization, before 5D.

ok

test result: ok. 1 passed; 0 failed; 0 ignored; 0 measured; 0 filtered out; finished in 1.43s

