    Finished release [optimized] target(s) in 0.08s
     Running tests/parallelism_metrics.rs (runtime/target/release/deps/parallelism_metrics-0b85c906b1a605ea)

running 1 test
test miniwarehouse_prints_expected_vs_realized_parallelism ... 
============================================================
 MiniWarehouse Brick-5C.5 split-phase measurement
============================================================
runtime model:                 real MiniWarehouse CosmWasm Wasm
Wasm artifact:                 /home/adminlinux/projects/symbgraphpool/benchmarks/target/wasm32-unknown-unknown/release/acg_benchmark_miniwarehouse.wasm
Wasm bytes:                    2049510
total transactions:            1000
blocks:                        20
max tx / block:                50
block interval:                700.000 ms
consensus window:              700.000 ms
arrival rate:                  71.43 tx/s
initial mempool backlog:       150 tx
total worker budget:           1
post-consensus validation:     1 worker (serial)
post-commit preexec workers:   1
warehouses:                    4
districts / warehouse:         10
customers / district:          3000
items / warehouse:             100000
N+1 graph planning overlaps N validate: NO
N+1 preexecution overlaps N validate: NO
preexecution snapshots committed N state: YES
require preexec within consensus: YES
overlapped planning transitions:  0

Sparse Wasm bootstrap (not included in measured block timings)
  seed transactions / engine:       3058
  touched warehouses:                   4
  touched districts:                   40
  touched customers:                  876
  touched stock keys:                2138
  both engines bootstrap wall:    476.828 ms

Workload
  delivery                 40
  new_order               457
  payment                 426
  restock                  77

Mempool / inclusion latency (virtual time)
  p50 admission -> proposal:     2380.000 ms
  p95 admission -> proposal:     2758.000 ms
  p50 admission -> decision:     3080.000 ms
  p95 admission -> decision:     3458.000 ms

Prediction / planning / post-commit preexecution (all blocks)
  adapter/binding:                  2.752 ms
  candidate graph:                 81.918 ms
  scheduler:                        0.354 ms
  schedule validation:              0.204 ms
  plan conversion:                  0.057 ms
  planning hidden by prev N:        0.000 ms
  planning overhang after N:       85.284 ms
  post-commit pre-execution:      338.266 ms
  avg consensus-critical prep:     21.177 ms
  average consensus budget:          3.0%
  p50 critical prep / block:       18.294 ms
  p95 critical prep / block:       32.071 ms
  deadline hit rate:               100.0%
  deadline misses:                      0

Candidate graph across real block boundaries
  possible within-block pairs:      24500
  materialized edges:                6023
  edge density:                    24.58%
  predicate True:                    4118 ( 68.4%)
  predicate Unknown:                 1905 ( 31.6%)
  historical False override:            0
  Low / Soft / Hard:           0 / 6023 / 0
  concrete profile-pair predicate diagnostics:
    profile pair                                 total    True Unknown   False     Low    Soft    Hard     Unk%
    execute::NewOrder <-> execute::Payment        2818    2818       0       0       0    2818       0     0.0%
    execute::Payment <-> execute::Payment         1300    1300       0       0       0    1300       0     0.0%
    execute::Delivery <-> execute::NewOrder        880       0     880       0       0     880       0   100.0%
    execute::Delivery <-> execute::Payment         838       0     838       0       0     838       0   100.0%
    execute::NewOrder <-> execute::NewOrder        147       0     147       0       0     147       0   100.0%
    execute::Delivery <-> execute::Delivery         40       0      40       0       0      40       0   100.0%

Schedule / exposed parallelism
  waves:                              281
  average wave width:                3.56
  p50 wave width:                       2
  p95 wave width:                      13
  max wave width:                      25
  exposed N/waves:                   3.56x

Pre-consensus speculative execution acceleration
  serial-equivalent work:         223.135 ms
  actual parallel preexecute:     338.266 ms
  cost-aware ideal time:          222.956 ms
  theoretical speedup:               1.00x
  REALIZED preexec speedup:          0.66x
  preexec/theoretical:              65.9%
  consensus-critical prep:        423.550 ms

Prediction quality
  predicted receipts:                1000
  matched decided txs:               1000
  discarded predictions:                0
  missing predictions:                  0
  precision:                       100.0%
  coverage:                        100.0%

Post-consensus critical-path acceleration
  SERIAL baseline:                223.135 ms
  adaptive receipt matching:        0.325 ms
  adaptive validation:             11.850 ms
  adaptive replay/missing:        107.758 ms
  adaptive reused commit:           2.147 ms
  reconciliation bookkeeping:       2.680 ms
  executor/report wrapper:          4.717 ms
  canonical deadline fallback:      0.000 ms
  timing accounting gap:            0.000 ms
  ADAPTIVE total:                 129.478 ms
  POST-CONSENSUS SPEEDUP:            1.72x

Speculation quality
  speculative results:               1000
  reused results:                     487
  invalidated results:                513
  replayed transactions:              513
  no usable receipt:                    0
  reuse rate:                       48.7%
  invalidation rate:                51.3%
  replay rate:                      51.3%
============================================================
NOTE: all block/consensus/mempool times are virtual protocol time; only computation is measured with wall-clock Instant.
NOTE: ACG_MW_CONSENSUS_MS is an independent configurable design window for completing post-commit pre-execution; it is not constrained to the block batching interval.
NOTE: only N+1 graph/schedule planning may overlap validation of N. N+1 pre-execution starts after N commits and snapshots the actual canonical post-N state.
NOTE: the measured execution path uses the real MiniWarehouse CosmWasm Wasm artifact; sparse bootstrap only avoids initializing untouched keys in the large benchmark domain.
NOTE: pre-consensus speculative-execution speedup and post-consensus critical-path speedup are separate metrics and are not divided into one another.
NOTE: the current post-consensus validator is intentionally single-threaded. Parallel validation remains the next Brick-5 optimization, before 5D.

ok

test result: ok. 1 passed; 0 failed; 0 ignored; 0 measured; 0 filtered out; finished in 1.43s

