    Finished release [optimized] target(s) in 0.08s
     Running tests/parallelism_metrics.rs (runtime/target/release/deps/parallelism_metrics-0b85c906b1a605ea)

running 1 test
test miniwarehouse_prints_expected_vs_realized_parallelism ... 
============================================================
 MiniWarehouse Brick-5C.5 split-phase measurement
============================================================
runtime model:                 real MiniWarehouse CosmWasm Wasm
Wasm artifact:                 /home/adminlinux/projects/symbgraphpool/benchmarks/target/wasm32-unknown-unknown/release/acg_benchmark_miniwarehouse.wasm
Wasm bytes:                    2049510
total transactions:            1000
blocks:                        5
max tx / block:                200
block interval:                700.000 ms
consensus window:              700.000 ms
arrival rate:                  285.71 tx/s
initial mempool backlog:       600 tx
total worker budget:           1
post-consensus validation:     1 worker (serial)
post-commit preexec workers:   1
warehouses:                    4
districts / warehouse:         10
customers / district:          3000
items / warehouse:             100000
N+1 graph planning overlaps N validate: NO
N+1 preexecution overlaps N validate: NO
preexecution snapshots committed N state: YES
require preexec within consensus: YES
overlapped planning transitions:  0

Sparse Wasm bootstrap (not included in measured block timings)
  seed transactions / engine:       3058
  touched warehouses:                   4
  touched districts:                   40
  touched customers:                  876
  touched stock keys:                2138
  both engines bootstrap wall:    474.177 ms

Workload
  delivery                 40
  new_order               457
  payment                 426
  restock                  77

Mempool / inclusion latency (virtual time)
  p50 admission -> proposal:     2100.000 ms
  p95 admission -> proposal:     2709.000 ms
  p50 admission -> decision:     2800.000 ms
  p95 admission -> decision:     3409.000 ms

Prediction / planning / post-commit preexecution (all blocks)
  adapter/binding:                  2.412 ms
  candidate graph:                316.303 ms
  scheduler:                        1.196 ms
  schedule validation:              0.455 ms
  plan conversion:                  0.058 ms
  planning hidden by prev N:        0.000 ms
  planning overhang after N:      320.424 ms
  post-commit pre-execution:      312.486 ms
  avg consensus-critical prep:    126.582 ms
  average consensus budget:         18.1%
  p50 critical prep / block:      121.361 ms
  p95 critical prep / block:      154.368 ms
  deadline hit rate:               100.0%
  deadline misses:                      0

Candidate graph across real block boundaries
  possible within-block pairs:      99500
  materialized edges:               24335
  edge density:                    24.46%
  predicate True:                   16530 ( 67.9%)
  predicate Unknown:                 7805 ( 32.1%)
  historical False override:            0
  Low / Soft / Hard:           0 / 24335 / 0
  concrete profile-pair predicate diagnostics:
    profile pair                                 total    True Unknown   False     Low    Soft    Hard     Unk%
    execute::NewOrder <-> execute::Payment       11224   11224       0       0       0   11224       0     0.0%
    execute::Payment <-> execute::Payment         5305    5305       0       0       0    5305       0     0.0%
    execute::Delivery <-> execute::NewOrder       3611       0    3611       0       0    3611       0   100.0%
    execute::Delivery <-> execute::Payment        3417       0    3417       0       0    3417       0   100.0%
    execute::NewOrder <-> execute::NewOrder        610       0     610       0       0     610       0   100.0%
    execute::Delivery <-> execute::Delivery        167       0     167       0       0     167       0   100.0%
    execute::NewOrder <-> execute::Restock           1       1       0       0       0       1       0     0.0%

Schedule / exposed parallelism
  waves:                              263
  average wave width:                3.80
  p50 wave width:                       1
  p95 wave width:                      12
  max wave width:                      40
  exposed N/waves:                   3.80x

Pre-consensus speculative execution acceleration
  serial-equivalent work:         228.101 ms
  actual parallel preexecute:     312.486 ms
  cost-aware ideal time:          227.936 ms
  theoretical speedup:               1.00x
  REALIZED preexec speedup:          0.73x
  preexec/theoretical:              72.9%
  consensus-critical prep:        632.910 ms

Prediction quality
  predicted receipts:                1000
  matched decided txs:               1000
  discarded predictions:                0
  missing predictions:                  0
  precision:                       100.0%
  coverage:                        100.0%

Post-consensus critical-path acceleration
  SERIAL baseline:                228.101 ms
  adaptive receipt matching:        0.454 ms
  adaptive validation:             11.470 ms
  adaptive replay/missing:        187.386 ms
  adaptive reused commit:           0.810 ms
  reconciliation bookkeeping:       4.475 ms
  executor/report wrapper:          3.780 ms
  canonical deadline fallback:      0.000 ms
  timing accounting gap:            0.000 ms
  ADAPTIVE total:                 208.375 ms
  POST-CONSENSUS SPEEDUP:            1.09x

Speculation quality
  speculative results:               1000
  reused results:                     260
  invalidated results:                740
  replayed transactions:              740
  no usable receipt:                    0
  reuse rate:                       26.0%
  invalidation rate:                74.0%
  replay rate:                      74.0%
============================================================
NOTE: all block/consensus/mempool times are virtual protocol time; only computation is measured with wall-clock Instant.
NOTE: ACG_MW_CONSENSUS_MS is an independent configurable design window for completing post-commit pre-execution; it is not constrained to the block batching interval.
NOTE: only N+1 graph/schedule planning may overlap validation of N. N+1 pre-execution starts after N commits and snapshots the actual canonical post-N state.
NOTE: the measured execution path uses the real MiniWarehouse CosmWasm Wasm artifact; sparse bootstrap only avoids initializing untouched keys in the large benchmark domain.
NOTE: pre-consensus speculative-execution speedup and post-consensus critical-path speedup are separate metrics and are not divided into one another.
NOTE: the current post-consensus validator is intentionally single-threaded. Parallel validation remains the next Brick-5 optimization, before 5D.

ok

test result: ok. 1 passed; 0 failed; 0 ignored; 0 measured; 0 filtered out; finished in 1.73s

