
running 1 test
test miniwarehouse_prints_expected_vs_realized_parallelism ... 
============================================================
 MiniWarehouse Brick-5C.6 dependency/versioned-state measurement
============================================================
runtime model:                 real MiniWarehouse CosmWasm Wasm
Wasm artifact:                 /home/adminlinux/projects/symbgraphpool/benchmarks/target/wasm32-unknown-unknown/release/acg_benchmark_miniwarehouse.wasm
Wasm bytes:                    2049510
total transactions:            1000
blocks:                        5
max tx / block:                200
block interval:                700.000 ms
consensus window:              700.000 ms
arrival rate:                  285.71 tx/s
initial mempool backlog:       600 tx
total worker budget:           2
post-consensus validation:     1 worker (serial)
post-commit preexec workers:   2
dependency executor:           READY-DAG / versioned snapshots
symbolic hard soften after:    8 concrete observations
warehouses:                    16
districts / warehouse:         10
customers / district:          3000
items / warehouse:             100000
N+1 graph planning overlaps N validate: YES
N+1 preexecution overlaps N validate: NO
preexecution snapshots committed N state: YES
require preexec within consensus: YES
overlapped planning transitions:  4

Sparse Wasm bootstrap (not included in measured block timings)
  seed transactions / engine:       3193
  touched warehouses:                  16
  touched districts:                  158
  touched customers:                  878
  touched stock keys:                2141
  both engines bootstrap wall:    483.416 ms

Workload
  delivery                 40
  new_order               457
  payment                 426
  restock                  77

Mempool / inclusion latency (virtual time)
  p50 admission -> proposal:     2100.000 ms
  p95 admission -> proposal:     2709.000 ms
  p50 admission -> decision:     2800.000 ms
  p95 admission -> decision:     3409.000 ms

Prediction / planning / post-commit preexecution (all blocks)
  adapter/binding:                  4.028 ms
  candidate graph:                321.666 ms
  scheduler:                        1.229 ms
  schedule validation:              1.168 ms
  plan conversion:                  0.631 ms
  planning hidden by prev N:       14.336 ms
  planning overhang after N:      314.385 ms
  post-commit pre-execution:      464.578 ms
  preexecution feedback:           20.916 ms
  post-replay feedback:             0.007 ms
  avg consensus-critical prep:    159.976 ms
  average consensus budget:         22.9%
  p50 critical prep / block:      154.497 ms
  p95 critical prep / block:      180.526 ms
  deadline hit rate:               100.0%
  deadline misses:                      0

Candidate graph across real block boundaries
  possible within-block pairs:      99500
  materialized edges:               11666
  edge density:                    11.72%
  predicate True:                    6473 ( 55.5%)
  predicate Unknown:                 5193 ( 44.5%)
  historical False override:            0
  Low / Soft / Hard:           0 / 2563 / 9103
  concrete profile-pair predicate diagnostics:
    profile pair                                 total    True Unknown   False     Low    Soft    Hard     Unk%
    execute::NewOrder <-> execute::Payment        4422    4422       0       0       0       0    4422     0.0%
    execute::Delivery <-> execute::NewOrder       3611       0    3611       0       0    1232    2379   100.0%
    execute::Payment <-> execute::Payment         2050    2050       0       0       0       0    2050     0.0%
    execute::Delivery <-> execute::Payment        1176       0    1176       0       0    1176       0   100.0%
    execute::NewOrder <-> execute::NewOrder        239       0     239       0       0      64     175   100.0%
    execute::Delivery <-> execute::Delivery        167       0     167       0       0      91      76   100.0%
    execute::NewOrder <-> execute::Restock           1       1       0       0       0       0       1     0.0%

Schedule / exposed parallelism
  waves:                              227
  average wave width:                4.41
  p50 wave width:                       2
  p95 wave width:                      17
  max wave width:                      34
  exposed N/waves:                   4.41x
  execution dependencies:           11666
  hard execution dependencies:       9103

Pre-consensus speculative execution acceleration
  serial-equivalent work:         223.491 ms
  actual parallel preexecute:     464.578 ms
  dependency-DAG lower bound:     135.562 ms
  theoretical speedup:               1.65x
  REALIZED preexec speedup:          0.48x
  preexec/theoretical:              29.2%
  consensus-critical prep:        799.878 ms

Dependency executor cost diagnosis
  NOTE: worker-stage times below are aggregate across workers and overlap in wall time.
  engine dependency total:        460.882 ms
  dependency plan/setup:            1.755 ms
  worker phase wall:              456.442 ms
  successor snapshot fork:          1.121 ms
  successor write projection:       1.515 ms
  aggregate ready/lock wait:       48.520 ms
  aggregate version collect:       58.392 ms
  aggregate snapshot deep-copy:   189.898 ms
  aggregate apply versions:       140.945 ms
  aggregate contract+receipt:     258.384 ms
  aggregate publish/unblock:        3.798 ms
  aggregate measured stages:      699.938 ms
  serial tx work sum:             223.303 ms
  speculative contract cost / serial:   1.16x
  effective contract concurrency:       0.57x
  worker busy capacity:                71.4%
  worker ready/wait capacity:           5.3%
  validator/base-snapshot wrapper:     3.696 ms
  executor coordinator residual:      0.048 ms
  max in-flight transactions:            2
  per-tx snapshot deep-copies:        1000
  visible versions collected:        96281
  visible versions / tx:              96.3
  visible storage writes replayed:   769554
  visible balance writes replayed:        0
  visible contract creates replayed:      0
  estimated base entries cloned:   4530800
  estimated base entries/snapshot:  4530.8

Prediction quality
  predicted receipts:                1000
  matched decided txs:               1000
  discarded predictions:                0
  missing predictions:                  0
  precision:                       100.0%
  coverage:                        100.0%

Post-consensus critical-path acceleration
  SERIAL baseline:                223.491 ms
  adaptive receipt matching:        0.245 ms
  adaptive validation:             10.656 ms
  adaptive replay/missing:          0.000 ms
  adaptive reused commit:           6.570 ms
  reconciliation bookkeeping:       0.184 ms
  executor/report wrapper:          2.674 ms
  canonical deadline fallback:      0.000 ms
  timing accounting gap:            0.000 ms
  ADAPTIVE total:                  20.328 ms
  POST-CONSENSUS SPEEDUP:           10.99x

Speculation quality
  speculative results:               1000
  reused results:                    1000
  invalidated results:                  0
  replayed transactions:                0
  no usable receipt:                    0
  reuse rate:                      100.0%
  invalidation rate:                 0.0%
  replay rate:                       0.0%

Invalidation attribution (validation conflicts, not just transactions)
  invalidated transactions:             0
  concrete validation conflicts:         0
  txs with unguarded predecessor:        0
  txs with cascade candidate:           0
  txs with unattributed conflict:       0
  guarded by execution dependency:       0
  unguarded predecessor conflicts:       0
  cascade: guarded predecessor replayed:    0
  guarded+reused unexplained:            0
  unattributed conflicts:                0
  writer level relation same/earlier/later: 0 / 0 / 0
  cause breakdown:
    (none)
  predecessor -> invalidated operation:
    (none)
  failing dependency:
    (none)
  candidate relation for attributed predecessor:
    (none)
  execution guard for attributed predecessor:
    (none)
  invalidation rate by speculative wave width:
       width        txs  invalidated       rate
           1         88            0       0.0%
           2         82            0       0.0%
           3         60            0       0.0%
           4         48            0       0.0%
           5         75            0       0.0%
           6         48            0       0.0%
           7         49            0       0.0%
           8         40            0       0.0%
           9         18            0       0.0%
          10         20            0       0.0%
          11         22            0       0.0%
          12         72            0       0.0%
          13         26            0       0.0%
          14         28            0       0.0%
          15         45            0       0.0%
          17         51            0       0.0%
          19         38            0       0.0%
          21         21            0       0.0%
          22         22            0       0.0%
          23         23            0       0.0%
          27         27            0       0.0%
          30         30            0       0.0%
          33         33            0       0.0%
          34         34            0       0.0%
  invalidation rate by canonical position decile:
      decile        txs  invalidated       rate
      0- 10%        100            0       0.0%
     10- 20%        100            0       0.0%
     20- 30%        100            0       0.0%
     30- 40%        100            0       0.0%
     40- 50%        100            0       0.0%
     50- 60%        100            0       0.0%
     60- 70%        100            0       0.0%
     70- 80%        100            0       0.0%
     80- 90%        100            0       0.0%
     90-100%        100            0       0.0%
============================================================
NOTE: all block/consensus/mempool times are virtual protocol time; only computation is measured with wall-clock Instant.
NOTE: ACG_MW_CONSENSUS_MS is an independent configurable design window for completing post-commit pre-execution; it is not constrained to the block batching interval.
NOTE: only N+1 graph/schedule planning may overlap validation of N. N+1 pre-execution starts after N commits and snapshots the actual canonical post-N state.
NOTE: the measured execution path uses the real MiniWarehouse CosmWasm Wasm artifact; sparse bootstrap only avoids initializing untouched keys in the large benchmark domain.
NOTE: pre-consensus speculative-execution speedup and post-consensus critical-path speedup are separate metrics and are not divided into one another.
NOTE: invalidation predecessor attribution selects the nearest canonical predecessor whose prepared write set touches the concrete failed dependency.
NOTE: an explicit execution dependency guarantees that predecessor completed before the victim launched; a replayed guarded predecessor is therefore reported as a cascade candidate.
NOTE: scheduler waves are diagnostic dependency levels only. The executor launches ready transactions across levels without global barriers and exposes only completed earlier-canonical versions.
NOTE: dependency cost diagnostics intentionally measure the current implementation's per-transaction deep snapshot clone plus replay of completed earlier versions; aggregate worker-stage times overlap and must not be summed as wall-clock components.
NOTE: the current post-consensus validator is intentionally single-threaded. Parallel validation remains a future Brick-5 optimization; these diagnostics come first.

ok

test result: ok. 1 passed; 0 failed; 0 ignored; 0 measured; 0 filtered out; finished in 1.72s

