    Finished release [optimized] target(s) in 0.08s
     Running tests/parallelism_metrics.rs (runtime/target/release/deps/parallelism_metrics-0b85c906b1a605ea)

running 1 test
test miniwarehouse_prints_expected_vs_realized_parallelism ... 
============================================================
 MiniWarehouse Brick-5C.5 split-phase measurement
============================================================
runtime model:                 real MiniWarehouse CosmWasm Wasm
Wasm artifact:                 /home/adminlinux/projects/symbgraphpool/benchmarks/target/wasm32-unknown-unknown/release/acg_benchmark_miniwarehouse.wasm
Wasm bytes:                    2049510
total transactions:            1000
blocks:                        5
max tx / block:                200
block interval:                700.000 ms
consensus window:              700.000 ms
arrival rate:                  285.71 tx/s
initial mempool backlog:       600 tx
total worker budget:           1
post-consensus validation:     1 worker (serial)
post-commit preexec workers:   1
warehouses:                    16
districts / warehouse:         10
customers / district:          3000
items / warehouse:             100000
N+1 graph planning overlaps N validate: NO
N+1 preexecution overlaps N validate: NO
preexecution snapshots committed N state: YES
require preexec within consensus: YES
overlapped planning transitions:  0

Sparse Wasm bootstrap (not included in measured block timings)
  seed transactions / engine:       3193
  touched warehouses:                  16
  touched districts:                  158
  touched customers:                  878
  touched stock keys:                2141
  both engines bootstrap wall:    518.988 ms

Workload
  delivery                 40
  new_order               457
  payment                 426
  restock                  77

Mempool / inclusion latency (virtual time)
  p50 admission -> proposal:     2100.000 ms
  p95 admission -> proposal:     2709.000 ms
  p50 admission -> decision:     2800.000 ms
  p95 admission -> decision:     3409.000 ms

Prediction / planning / post-commit preexecution (all blocks)
  adapter/binding:                  2.412 ms
  candidate graph:                314.304 ms
  scheduler:                        0.443 ms
  schedule validation:              0.297 ms
  plan conversion:                  0.060 ms
  planning hidden by prev N:        0.000 ms
  planning overhang after N:      317.516 ms
  post-commit pre-execution:      595.284 ms
  avg consensus-critical prep:    182.560 ms
  average consensus budget:         26.1%
  p50 critical prep / block:      175.798 ms
  p95 critical prep / block:      219.658 ms
  deadline hit rate:               100.0%
  deadline misses:                      0

Candidate graph across real block boundaries
  possible within-block pairs:      99500
  materialized edges:               13907
  edge density:                    13.98%
  predicate True:                    6473 ( 46.5%)
  predicate Unknown:                 7434 ( 53.5%)
  historical False override:            0
  Low / Soft / Hard:           0 / 13907 / 0
  concrete profile-pair predicate diagnostics:
    profile pair                                 total    True Unknown   False     Low    Soft    Hard     Unk%
    execute::NewOrder <-> execute::Payment        4422    4422       0       0       0    4422       0     0.0%
    execute::Delivery <-> execute::NewOrder       3611       0    3611       0       0    3611       0   100.0%
    execute::Delivery <-> execute::Payment        3417       0    3417       0       0    3417       0   100.0%
    execute::Payment <-> execute::Payment         2050    2050       0       0       0    2050       0     0.0%
    execute::NewOrder <-> execute::NewOrder        239       0     239       0       0     239       0   100.0%
    execute::Delivery <-> execute::Delivery        167       0     167       0       0     167       0   100.0%
    execute::NewOrder <-> execute::Restock           1       1       0       0       0       1       0     0.0%

Schedule / exposed parallelism
  waves:                             1000
  average wave width:                1.00
  p50 wave width:                       1
  p95 wave width:                       1
  max wave width:                       1
  exposed N/waves:                   1.00x

Pre-consensus speculative execution acceleration
  serial-equivalent work:         223.839 ms
  actual parallel preexecute:     595.284 ms
  cost-aware ideal time:          223.658 ms
  theoretical speedup:               1.00x
  REALIZED preexec speedup:          0.38x
  preexec/theoretical:              37.6%
  consensus-critical prep:        912.800 ms

Prediction quality
  predicted receipts:                1000
  matched decided txs:               1000
  discarded predictions:                0
  missing predictions:                  0
  precision:                       100.0%
  coverage:                        100.0%

Post-consensus critical-path acceleration
  SERIAL baseline:                223.839 ms
  adaptive receipt matching:        0.244 ms
  adaptive validation:             10.792 ms
  adaptive replay/missing:          0.000 ms
  adaptive reused commit:           4.444 ms
  reconciliation bookkeeping:       0.177 ms
  executor/report wrapper:          1.645 ms
  canonical deadline fallback:      0.000 ms
  timing accounting gap:            0.000 ms
  ADAPTIVE total:                  17.302 ms
  POST-CONSENSUS SPEEDUP:           12.94x

Speculation quality
  speculative results:               1000
  reused results:                    1000
  invalidated results:                  0
  replayed transactions:                0
  no usable receipt:                    0
  reuse rate:                      100.0%
  invalidation rate:                 0.0%
  replay rate:                       0.0%
============================================================
NOTE: all block/consensus/mempool times are virtual protocol time; only computation is measured with wall-clock Instant.
NOTE: ACG_MW_CONSENSUS_MS is an independent configurable design window for completing post-commit pre-execution; it is not constrained to the block batching interval.
NOTE: only N+1 graph/schedule planning may overlap validation of N. N+1 pre-execution starts after N commits and snapshots the actual canonical post-N state.
NOTE: the measured execution path uses the real MiniWarehouse CosmWasm Wasm artifact; sparse bootstrap only avoids initializing untouched keys in the large benchmark domain.
NOTE: pre-consensus speculative-execution speedup and post-consensus critical-path speedup are separate metrics and are not divided into one another.
NOTE: the current post-consensus validator is intentionally single-threaded. Parallel validation remains the next Brick-5 optimization, before 5D.

ok

test result: ok. 1 passed; 0 failed; 0 ignored; 0 measured; 0 filtered out; finished in 1.86s

