    Finished release [optimized] target(s) in 0.07s
     Running tests/parallelism_metrics.rs (runtime/target/release/deps/parallelism_metrics-0b85c906b1a605ea)

running 1 test
test miniwarehouse_prints_expected_vs_realized_parallelism ... 
============================================================
 MiniWarehouse Brick-5C.5 split-phase measurement
============================================================
runtime model:                 real MiniWarehouse CosmWasm Wasm
Wasm artifact:                 /home/adminlinux/projects/symbgraphpool/benchmarks/target/wasm32-unknown-unknown/release/acg_benchmark_miniwarehouse.wasm
Wasm bytes:                    2049510
total transactions:            1000
blocks:                        10
max tx / block:                100
block interval:                700.000 ms
consensus window:              700.000 ms
arrival rate:                  142.86 tx/s
initial mempool backlog:       300 tx
total worker budget:           4
post-consensus validation:     1 worker (serial)
post-commit preexec workers:   4
warehouses:                    16
districts / warehouse:         10
customers / district:          3000
items / warehouse:             100000
N+1 graph planning overlaps N validate: YES
N+1 preexecution overlaps N validate: NO
preexecution snapshots committed N state: YES
require preexec within consensus: YES
overlapped planning transitions:  9

Sparse Wasm bootstrap (not included in measured block timings)
  seed transactions / engine:       3193
  touched warehouses:                  16
  touched districts:                  158
  touched customers:                  878
  touched stock keys:                2141
  both engines bootstrap wall:    527.276 ms

Workload
  delivery                 40
  new_order               457
  payment                 426
  restock                  77

Mempool / inclusion latency (virtual time)
  p50 admission -> proposal:     2296.000 ms
  p95 admission -> proposal:     2744.000 ms
  p50 admission -> decision:     2996.000 ms
  p95 admission -> decision:     3444.000 ms

Prediction / planning / post-commit preexecution (all blocks)
  adapter/binding:                  5.039 ms
  candidate graph:                187.372 ms
  scheduler:                        0.321 ms
  schedule validation:              0.236 ms
  plan conversion:                  0.068 ms
  planning hidden by prev N:       20.506 ms
  planning overhang after N:      172.530 ms
  post-commit pre-execution:      645.680 ms
  avg consensus-critical prep:     81.821 ms
  average consensus budget:         11.7%
  p50 critical prep / block:       83.555 ms
  p95 critical prep / block:      104.556 ms
  deadline hit rate:               100.0%
  deadline misses:                      0

Candidate graph across real block boundaries
  possible within-block pairs:      49500
  materialized edges:                6936
  edge density:                    14.01%
  predicate True:                    3234 ( 46.6%)
  predicate Unknown:                 3702 ( 53.4%)
  historical False override:            0
  Low / Soft / Hard:           0 / 6936 / 0
  concrete profile-pair predicate diagnostics:
    profile pair                                 total    True Unknown   False     Low    Soft    Hard     Unk%
    execute::NewOrder <-> execute::Payment        2207    2207       0       0       0    2207       0     0.0%
    execute::Delivery <-> execute::NewOrder       1763       0    1763       0       0    1763       0   100.0%
    execute::Delivery <-> execute::Payment        1733       0    1733       0       0    1733       0   100.0%
    execute::Payment <-> execute::Payment         1027    1027       0       0       0    1027       0     0.0%
    execute::NewOrder <-> execute::NewOrder        126       0     126       0       0     126       0   100.0%
    execute::Delivery <-> execute::Delivery         80       0      80       0       0      80       0   100.0%

Schedule / exposed parallelism
  waves:                             1000
  average wave width:                1.00
  p50 wave width:                       1
  p95 wave width:                       1
  max wave width:                       1
  exposed N/waves:                   1.00x

Pre-consensus speculative execution acceleration
  serial-equivalent work:         245.933 ms
  actual parallel preexecute:     645.680 ms
  cost-aware ideal time:          245.713 ms
  theoretical speedup:               1.00x
  REALIZED preexec speedup:          0.38x
  preexec/theoretical:              38.1%
  consensus-critical prep:        818.210 ms

Prediction quality
  predicted receipts:                1000
  matched decided txs:               1000
  discarded predictions:                0
  missing predictions:                  0
  precision:                       100.0%
  coverage:                        100.0%

Post-consensus critical-path acceleration
  SERIAL baseline:                245.933 ms
  adaptive receipt matching:        0.268 ms
  adaptive validation:             11.948 ms
  adaptive replay/missing:          0.000 ms
  adaptive reused commit:           9.108 ms
  reconciliation bookkeeping:       0.209 ms
  executor/report wrapper:          2.656 ms
  canonical deadline fallback:      0.000 ms
  timing accounting gap:            0.000 ms
  ADAPTIVE total:                  24.189 ms
  POST-CONSENSUS SPEEDUP:           10.17x

Speculation quality
  speculative results:               1000
  reused results:                    1000
  invalidated results:                  0
  replayed transactions:                0
  no usable receipt:                    0
  reuse rate:                      100.0%
  invalidation rate:                 0.0%
  replay rate:                       0.0%
============================================================
NOTE: all block/consensus/mempool times are virtual protocol time; only computation is measured with wall-clock Instant.
NOTE: ACG_MW_CONSENSUS_MS is an independent configurable design window for completing post-commit pre-execution; it is not constrained to the block batching interval.
NOTE: only N+1 graph/schedule planning may overlap validation of N. N+1 pre-execution starts after N commits and snapshots the actual canonical post-N state.
NOTE: the measured execution path uses the real MiniWarehouse CosmWasm Wasm artifact; sparse bootstrap only avoids initializing untouched keys in the large benchmark domain.
NOTE: pre-consensus speculative-execution speedup and post-consensus critical-path speedup are separate metrics and are not divided into one another.
NOTE: the current post-consensus validator is intentionally single-threaded. Parallel validation remains the next Brick-5 optimization, before 5D.

ok

test result: ok. 1 passed; 0 failed; 0 ignored; 0 measured; 0 filtered out; finished in 1.80s

