    Finished release [optimized] target(s) in 0.07s
     Running tests/parallelism_metrics.rs (runtime/target/release/deps/parallelism_metrics-0b85c906b1a605ea)

running 1 test
test miniwarehouse_prints_expected_vs_realized_parallelism ... 
============================================================
 MiniWarehouse Brick-5C.5 split-phase measurement
============================================================
runtime model:                 real MiniWarehouse CosmWasm Wasm
Wasm artifact:                 /home/adminlinux/projects/symbgraphpool/benchmarks/target/wasm32-unknown-unknown/release/acg_benchmark_miniwarehouse.wasm
Wasm bytes:                    2049510
total transactions:            1000
blocks:                        20
max tx / block:                50
block interval:                700.000 ms
consensus window:              700.000 ms
arrival rate:                  71.43 tx/s
initial mempool backlog:       150 tx
total worker budget:           1
post-consensus validation:     1 worker (serial)
post-commit preexec workers:   1
warehouses:                    16
districts / warehouse:         10
customers / district:          3000
items / warehouse:             100000
N+1 graph planning overlaps N validate: NO
N+1 preexecution overlaps N validate: NO
preexecution snapshots committed N state: YES
require preexec within consensus: YES
overlapped planning transitions:  0

Sparse Wasm bootstrap (not included in measured block timings)
  seed transactions / engine:       3193
  touched warehouses:                  16
  touched districts:                  158
  touched customers:                  878
  touched stock keys:                2141
  both engines bootstrap wall:    523.135 ms

Workload
  delivery                 40
  new_order               457
  payment                 426
  restock                  77

Mempool / inclusion latency (virtual time)
  p50 admission -> proposal:     2380.000 ms
  p95 admission -> proposal:     2758.000 ms
  p50 admission -> decision:     3080.000 ms
  p95 admission -> decision:     3458.000 ms

Prediction / planning / post-commit preexecution (all blocks)
  adapter/binding:                  2.638 ms
  candidate graph:                 83.327 ms
  scheduler:                        0.205 ms
  schedule validation:              0.168 ms
  plan conversion:                  0.056 ms
  planning hidden by prev N:        0.000 ms
  planning overhang after N:       86.394 ms
  post-commit pre-execution:      595.846 ms
  avg consensus-critical prep:     34.112 ms
  average consensus budget:          4.9%
  p50 critical prep / block:       32.006 ms
  p95 critical prep / block:       48.694 ms
  deadline hit rate:               100.0%
  deadline misses:                      0

Candidate graph across real block boundaries
  possible within-block pairs:      24500
  materialized edges:                3439
  edge density:                    14.04%
  predicate True:                    1624 ( 47.2%)
  predicate Unknown:                 1815 ( 52.8%)
  historical False override:            0
  Low / Soft / Hard:           0 / 3439 / 0
  concrete profile-pair predicate diagnostics:
    profile pair                                 total    True Unknown   False     Low    Soft    Hard     Unk%
    execute::NewOrder <-> execute::Payment        1133    1133       0       0       0    1133       0     0.0%
    execute::Delivery <-> execute::NewOrder        880       0     880       0       0     880       0   100.0%
    execute::Delivery <-> execute::Payment         838       0     838       0       0     838       0   100.0%
    execute::Payment <-> execute::Payment          491     491       0       0       0     491       0     0.0%
    execute::NewOrder <-> execute::NewOrder         57       0      57       0       0      57       0   100.0%
    execute::Delivery <-> execute::Delivery         40       0      40       0       0      40       0   100.0%

Schedule / exposed parallelism
  waves:                             1000
  average wave width:                1.00
  p50 wave width:                       1
  p95 wave width:                       1
  max wave width:                       1
  exposed N/waves:                   1.00x

Pre-consensus speculative execution acceleration
  serial-equivalent work:         226.577 ms
  actual parallel preexecute:     595.846 ms
  cost-aware ideal time:          226.358 ms
  theoretical speedup:               1.00x
  REALIZED preexec speedup:          0.38x
  preexec/theoretical:              38.0%
  consensus-critical prep:        682.240 ms

Prediction quality
  predicted receipts:                1000
  matched decided txs:               1000
  discarded predictions:                0
  missing predictions:                  0
  precision:                       100.0%
  coverage:                        100.0%

Post-consensus critical-path acceleration
  SERIAL baseline:                226.577 ms
  adaptive receipt matching:        0.202 ms
  adaptive validation:             11.233 ms
  adaptive replay/missing:          0.000 ms
  adaptive reused commit:           4.199 ms
  reconciliation bookkeeping:       0.173 ms
  executor/report wrapper:          3.900 ms
  canonical deadline fallback:      0.000 ms
  timing accounting gap:            0.000 ms
  ADAPTIVE total:                  19.707 ms
  POST-CONSENSUS SPEEDUP:           11.50x

Speculation quality
  speculative results:               1000
  reused results:                    1000
  invalidated results:                  0
  replayed transactions:                0
  no usable receipt:                    0
  reuse rate:                      100.0%
  invalidation rate:                 0.0%
  replay rate:                       0.0%
============================================================
NOTE: all block/consensus/mempool times are virtual protocol time; only computation is measured with wall-clock Instant.
NOTE: ACG_MW_CONSENSUS_MS is an independent configurable design window for completing post-commit pre-execution; it is not constrained to the block batching interval.
NOTE: only N+1 graph/schedule planning may overlap validation of N. N+1 pre-execution starts after N commits and snapshots the actual canonical post-N state.
NOTE: the measured execution path uses the real MiniWarehouse CosmWasm Wasm artifact; sparse bootstrap only avoids initializing untouched keys in the large benchmark domain.
NOTE: pre-consensus speculative-execution speedup and post-consensus critical-path speedup are separate metrics and are not divided into one another.
NOTE: the current post-consensus validator is intentionally single-threaded. Parallel validation remains the next Brick-5 optimization, before 5D.

ok

test result: ok. 1 passed; 0 failed; 0 ignored; 0 measured; 0 filtered out; finished in 1.64s

